// Vitest Snapshot v1, https://vitest.dev/guide/snapshot.html

exports[`Config get 1`] = `
"test/plugins
"
`;

exports[`Config set 1`] = `
"test/plugins
"
`;
